Component: ARM Compiler 5.05 update 1 (build 106) Tool: armlink [4d0efa]

==============================================================================

Section Cross References

    startup_stm32f10x_hd.o(RESET) refers to startup_stm32f10x_hd.o(.text) for Reset_Handler
    startup_stm32f10x_hd.o(RESET) refers to stm32f10x_it.o(.text) for NMI_Handler
    startup_stm32f10x_hd.o(RESET) refers to usart1.o(.text) for USART2_IRQHandler
    startup_stm32f10x_hd.o(.text) refers to startup_stm32f10x_hd.o(STACK) for __initial_sp
    startup_stm32f10x_hd.o(.text) refers to entry.o(.ARM.Collect$$$$00000000) for __main
    main.o(.text) refers to system_stm32f10x.o(.text) for SystemInit
    main.o(.text) refers to delay.o(.text) for Delay_Init
    main.o(.text) refers to misc.o(.text) for NVIC_PriorityGroupConfig
    main.o(.text) refers to usart1.o(.text) for uart_init
    main.o(.text) refers to io.o(.text) for GPIOINIT
    main.o(.text) refers to motor.o(.text) for XM
    main.o(.text) refers to stm32f10x_usart.o(.text) for USART_SendData
    main.o(.text) refers to usart1.o(.data) for USART_RX_STA
    main.o(.text) refers to main.o(.data) for command_success
    usart1.o(.text) refers to stm32f10x_rcc.o(.text) for RCC_APB2PeriphClockCmd
    usart1.o(.text) refers to stm32f10x_gpio.o(.text) for GPIO_Init
    usart1.o(.text) refers to misc.o(.text) for NVIC_Init
    usart1.o(.text) refers to stm32f10x_usart.o(.text) for USART_Init
    usart1.o(.text) refers to usart1.o(.data) for USART_RX_STA
    usart1.o(.text) refers to usart1.o(.bss) for USART_RX_BUF
    delay.o(.text) refers to delay.o(.data) for fac_ms
    motor.o(.text) refers to delay.o(.text) for delay_us
    motor.o(.text) refers to strstr.o(.text) for strstr
    motor.o(.text) refers to usart1.o(.bss) for USART_RX_BUF
    motor.o(.text) refers to main.o(.data) for command_success
    io.o(.text) refers to stm32f10x_rcc.o(.text) for RCC_APB2PeriphClockCmd
    io.o(.text) refers to stm32f10x_gpio.o(.text) for GPIO_Init
    stm32f10x_gpio.o(.text) refers to stm32f10x_rcc.o(.text) for RCC_APB2PeriphResetCmd
    stm32f10x_rcc.o(.text) refers to stm32f10x_rcc.o(.data) for APBAHBPrescTable
    stm32f10x_usart.o(.text) refers to stm32f10x_rcc.o(.text) for RCC_APB2PeriphResetCmd
    stm32f10x_adc.o(.text) refers to stm32f10x_rcc.o(.text) for RCC_APB2PeriphResetCmd
    stm32f10x_tim.o(.text) refers to stm32f10x_rcc.o(.text) for RCC_APB2PeriphResetCmd
    entry.o(.ARM.Collect$$$$00000000) refers (Special) to entry10a.o(.ARM.Collect$$$$0000000D) for __rt_final_cpp
    entry.o(.ARM.Collect$$$$00000000) refers (Special) to entry11a.o(.ARM.Collect$$$$0000000F) for __rt_final_exit
    entry.o(.ARM.Collect$$$$00000000) refers (Special) to entry7b.o(.ARM.Collect$$$$00000008) for _main_clock
    entry.o(.ARM.Collect$$$$00000000) refers (Special) to entry8b.o(.ARM.Collect$$$$0000000A) for _main_cpp_init
    entry.o(.ARM.Collect$$$$00000000) refers (Special) to entry9a.o(.ARM.Collect$$$$0000000B) for _main_init
    entry.o(.ARM.Collect$$$$00000000) refers (Special) to entry5.o(.ARM.Collect$$$$00000004) for _main_scatterload
    entry.o(.ARM.Collect$$$$00000000) refers (Special) to entry2.o(.ARM.Collect$$$$00000001) for _main_stk
    entry2.o(.ARM.Collect$$$$00000001) refers to entry2.o(.ARM.Collect$$$$00002712) for __lit__00000000
    entry2.o(.ARM.Collect$$$$00002712) refers to startup_stm32f10x_hd.o(STACK) for __initial_sp
    entry2.o(__vectab_stack_and_reset_area) refers to startup_stm32f10x_hd.o(STACK) for __initial_sp
    entry2.o(__vectab_stack_and_reset_area) refers to entry.o(.ARM.Collect$$$$00000000) for __main
    entry5.o(.ARM.Collect$$$$00000004) refers to init.o(.text) for __scatterload
    entry9a.o(.ARM.Collect$$$$0000000B) refers to main.o(.text) for main
    entry9b.o(.ARM.Collect$$$$0000000C) refers to main.o(.text) for main
    init.o(.text) refers to entry5.o(.ARM.Collect$$$$00000004) for __main_after_scatterload


==============================================================================

Removing Unused input sections from the image.

    Removing startup_stm32f10x_hd.o(HEAP), (0 bytes).
    Removing stm32f10x_adc.o(.text), (1072 bytes).
    Removing stm32f10x_dma.o(.text), (576 bytes).
    Removing stm32f10x_flash.o(.text), (1324 bytes).
    Removing stm32f10x_tim.o(.text), (3014 bytes).
    Removing core_cm3.o(.emb_text), (32 bytes).
    Removing system_stm32f10x.o(.constdata), (20 bytes).

7 unused section(s) (total 6038 bytes) removed from the image.

==============================================================================

Image Symbol Table

    Local Symbols

    Symbol Name                              Value     Ov Type        Size  Object(Section)

    ../clib/microlib/init/entry.s            0x00000000   Number         0  entry8a.o ABSOLUTE
    ../clib/microlib/init/entry.s            0x00000000   Number         0  entry.o ABSOLUTE
    ../clib/microlib/init/entry.s            0x00000000   Number         0  entry10b.o ABSOLUTE
    ../clib/microlib/init/entry.s            0x00000000   Number         0  entry2.o ABSOLUTE
    ../clib/microlib/init/entry.s            0x00000000   Number         0  entry11b.o ABSOLUTE
    ../clib/microlib/init/entry.s            0x00000000   Number         0  entry11a.o ABSOLUTE
    ../clib/microlib/init/entry.s            0x00000000   Number         0  entry5.o ABSOLUTE
    ../clib/microlib/init/entry.s            0x00000000   Number         0  entry10a.o ABSOLUTE
    ../clib/microlib/init/entry.s            0x00000000   Number         0  entry7a.o ABSOLUTE
    ../clib/microlib/init/entry.s            0x00000000   Number         0  entry9b.o ABSOLUTE
    ../clib/microlib/init/entry.s            0x00000000   Number         0  entry9a.o ABSOLUTE
    ../clib/microlib/init/entry.s            0x00000000   Number         0  entry7b.o ABSOLUTE
    ../clib/microlib/init/entry.s            0x00000000   Number         0  entry8b.o ABSOLUTE
    ../clib/microlib/string/strstr.c         0x00000000   Number         0  strstr.o ABSOLUTE
    ../clib/microlib/stubs.s                 0x00000000   Number         0  useno.o ABSOLUTE
    ..\CMSIS\core_cm3.c                      0x00000000   Number         0  core_cm3.o ABSOLUTE
    ..\CMSIS\startup\startup_stm32f10x_hd.s  0x00000000   Number         0  startup_stm32f10x_hd.o ABSOLUTE
    ..\CMSIS\system_stm32f10x.c              0x00000000   Number         0  system_stm32f10x.o ABSOLUTE
    ..\FWlib\src\stm32f10x_adc.c             0x00000000   Number         0  stm32f10x_adc.o ABSOLUTE
    ..\FWlib\src\stm32f10x_dma.c             0x00000000   Number         0  stm32f10x_dma.o ABSOLUTE
    ..\FWlib\src\stm32f10x_flash.c           0x00000000   Number         0  stm32f10x_flash.o ABSOLUTE
    ..\FWlib\src\stm32f10x_gpio.c            0x00000000   Number         0  stm32f10x_gpio.o ABSOLUTE
    ..\FWlib\src\stm32f10x_rcc.c             0x00000000   Number         0  stm32f10x_rcc.o ABSOLUTE
    ..\FWlib\src\stm32f10x_tim.c             0x00000000   Number         0  stm32f10x_tim.o ABSOLUTE
    ..\FWlib\src\stm32f10x_usart.c           0x00000000   Number         0  stm32f10x_usart.o ABSOLUTE
    ..\\CMSIS\\core_cm3.c                    0x00000000   Number         0  core_cm3.o ABSOLUTE
    dc.s                                     0x00000000   Number         0  dc.o ABSOLUTE
    delay.c                                  0x00000000   Number         0  delay.o ABSOLUTE
    handlers.s                               0x00000000   Number         0  handlers.o ABSOLUTE
    init.s                                   0x00000000   Number         0  init.o ABSOLUTE
    io.c                                     0x00000000   Number         0  io.o ABSOLUTE
    main.c                                   0x00000000   Number         0  main.o ABSOLUTE
    misc.c                                   0x00000000   Number         0  misc.o ABSOLUTE
    motor.c                                  0x00000000   Number         0  motor.o ABSOLUTE
    stm32f10x_it.c                           0x00000000   Number         0  stm32f10x_it.o ABSOLUTE
    usart1.c                                 0x00000000   Number         0  usart1.o ABSOLUTE
    RESET                                    0x08000000   Section      304  startup_stm32f10x_hd.o(RESET)
    .ARM.Collect$$$$00000000                 0x08000130   Section        0  entry.o(.ARM.Collect$$$$00000000)
    .ARM.Collect$$$$00000001                 0x08000130   Section        4  entry2.o(.ARM.Collect$$$$00000001)
    .ARM.Collect$$$$00000004                 0x08000134   Section        4  entry5.o(.ARM.Collect$$$$00000004)
    .ARM.Collect$$$$00000008                 0x08000138   Section        0  entry7b.o(.ARM.Collect$$$$00000008)
    .ARM.Collect$$$$0000000A                 0x08000138   Section        0  entry8b.o(.ARM.Collect$$$$0000000A)
    .ARM.Collect$$$$0000000B                 0x08000138   Section        8  entry9a.o(.ARM.Collect$$$$0000000B)
    .ARM.Collect$$$$0000000D                 0x08000140   Section        0  entry10a.o(.ARM.Collect$$$$0000000D)
    .ARM.Collect$$$$0000000F                 0x08000140   Section        0  entry11a.o(.ARM.Collect$$$$0000000F)
    .ARM.Collect$$$$00002712                 0x08000140   Section        4  entry2.o(.ARM.Collect$$$$00002712)
    __lit__00000000                          0x08000140   Data           4  entry2.o(.ARM.Collect$$$$00002712)
    .text                                    0x08000144   Section       48  startup_stm32f10x_hd.o(.text)
    .text                                    0x08000174   Section        0  main.o(.text)
    .text                                    0x08000254   Section        0  usart1.o(.text)
    .text                                    0x0800039c   Section        0  delay.o(.text)
    .text                                    0x08000464   Section        0  motor.o(.text)
    .text                                    0x08000c14   Section        0  io.o(.text)
    .text                                    0x08000ca4   Section        0  stm32f10x_it.o(.text)
    .text                                    0x08000cc0   Section        0  stm32f10x_gpio.o(.text)
    .text                                    0x08000ff0   Section        0  stm32f10x_rcc.o(.text)
    .text                                    0x08001390   Section        0  stm32f10x_usart.o(.text)
    .text                                    0x08001700   Section        0  misc.o(.text)
    .text                                    0x080017dc   Section        0  system_stm32f10x.o(.text)
    SetSysClockTo72                          0x080017dd   Thumb Code   220  system_stm32f10x.o(.text)
    SetSysClock                              0x080018b9   Thumb Code     8  system_stm32f10x.o(.text)
    .text                                    0x08001914   Section        0  strstr.o(.text)
    .text                                    0x08001938   Section       36  init.o(.text)
    i.__scatterload_copy                     0x0800195c   Section       14  handlers.o(i.__scatterload_copy)
    i.__scatterload_null                     0x0800196a   Section        2  handlers.o(i.__scatterload_null)
    i.__scatterload_zeroinit                 0x0800196c   Section       14  handlers.o(i.__scatterload_zeroinit)
    .data                                    0x20000000   Section        1  main.o(.data)
    .data                                    0x20000004   Section        6  usart1.o(.data)
    .data                                    0x2000000a   Section        3  delay.o(.data)
    .data                                    0x2000000d   Section       20  stm32f10x_rcc.o(.data)
    APBAHBPrescTable                         0x2000000d   Data          16  stm32f10x_rcc.o(.data)
    ADCPrescTable                            0x2000001d   Data           4  stm32f10x_rcc.o(.data)
    .bss                                     0x20000024   Section      200  usart1.o(.bss)
    STACK                                    0x200000f0   Section      512  startup_stm32f10x_hd.o(STACK)

    Global Symbols

    Symbol Name                              Value     Ov Type        Size  Object(Section)

    BuildAttributes$$THM_ISAv4$P$D$K$B$S$PE$A:L22UL41UL21$X:L11$S22US41US21$IEEE1$IW$USESV6$~STKCKD$USESV7$~SHL$OSPACE$EBA8$MICROLIB$REQ8$PRES8$EABIv2 0x00000000   Number         0  anon$$obj.o ABSOLUTE
    __ARM_use_no_argv                        0x00000000   Number         0  main.o ABSOLUTE
    __use_no_errno                           0x00000000   Number         0  useno.o ABSOLUTE
    __use_no_exception_handling              0x00000000   Number         0  useno.o ABSOLUTE
    __use_no_fp                              0x00000000   Number         0  useno.o ABSOLUTE
    __use_no_heap                            0x00000000   Number         0  useno.o ABSOLUTE
    __use_no_heap_region                     0x00000000   Number         0  useno.o ABSOLUTE
    __use_no_semihosting                     0x00000000   Number         0  useno.o ABSOLUTE
    __use_no_semihosting_swi                 0x00000000   Number         0  useno.o ABSOLUTE
    __use_no_signal_handling                 0x00000000   Number         0  useno.o ABSOLUTE
    __cpp_initialize__aeabi_                  - Undefined Weak Reference
    __cxa_finalize                            - Undefined Weak Reference
    __decompress                              - Undefined Weak Reference
    _clock_init                               - Undefined Weak Reference
    _microlib_exit                            - Undefined Weak Reference
    __Vectors_Size                           0x00000130   Number         0  startup_stm32f10x_hd.o ABSOLUTE
    __Vectors                                0x08000000   Data           4  startup_stm32f10x_hd.o(RESET)
    __Vectors_End                            0x08000130   Data           0  startup_stm32f10x_hd.o(RESET)
    __main                                   0x08000131   Thumb Code     0  entry.o(.ARM.Collect$$$$00000000)
    _main_stk                                0x08000131   Thumb Code     0  entry2.o(.ARM.Collect$$$$00000001)
    _main_scatterload                        0x08000135   Thumb Code     0  entry5.o(.ARM.Collect$$$$00000004)
    __main_after_scatterload                 0x08000139   Thumb Code     0  entry5.o(.ARM.Collect$$$$00000004)
    _main_clock                              0x08000139   Thumb Code     0  entry7b.o(.ARM.Collect$$$$00000008)
    _main_cpp_init                           0x08000139   Thumb Code     0  entry8b.o(.ARM.Collect$$$$0000000A)
    _main_init                               0x08000139   Thumb Code     0  entry9a.o(.ARM.Collect$$$$0000000B)
    __rt_final_cpp                           0x08000141   Thumb Code     0  entry10a.o(.ARM.Collect$$$$0000000D)
    __rt_final_exit                          0x08000141   Thumb Code     0  entry11a.o(.ARM.Collect$$$$0000000F)
    SystemInit_ExtMemCtl                     0x08000145   Thumb Code     2  startup_stm32f10x_hd.o(.text)
    Reset_Handler                            0x08000147   Thumb Code    14  startup_stm32f10x_hd.o(.text)
    ADC1_2_IRQHandler                        0x08000167   Thumb Code     0  startup_stm32f10x_hd.o(.text)
    ADC3_IRQHandler                          0x08000167   Thumb Code     0  startup_stm32f10x_hd.o(.text)
    CAN1_RX1_IRQHandler                      0x08000167   Thumb Code     0  startup_stm32f10x_hd.o(.text)
    CAN1_SCE_IRQHandler                      0x08000167   Thumb Code     0  startup_stm32f10x_hd.o(.text)
    DMA1_Channel1_IRQHandler                 0x08000167   Thumb Code     0  startup_stm32f10x_hd.o(.text)
    DMA1_Channel2_IRQHandler                 0x08000167   Thumb Code     0  startup_stm32f10x_hd.o(.text)
    DMA1_Channel3_IRQHandler                 0x08000167   Thumb Code     0  startup_stm32f10x_hd.o(.text)
    DMA1_Channel4_IRQHandler                 0x08000167   Thumb Code     0  startup_stm32f10x_hd.o(.text)
    DMA1_Channel5_IRQHandler                 0x08000167   Thumb Code     0  startup_stm32f10x_hd.o(.text)
    DMA1_Channel6_IRQHandler                 0x08000167   Thumb Code     0  startup_stm32f10x_hd.o(.text)
    DMA1_Channel7_IRQHandler                 0x08000167   Thumb Code     0  startup_stm32f10x_hd.o(.text)
    DMA2_Channel1_IRQHandler                 0x08000167   Thumb Code     0  startup_stm32f10x_hd.o(.text)
    DMA2_Channel2_IRQHandler                 0x08000167   Thumb Code     0  startup_stm32f10x_hd.o(.text)
    DMA2_Channel3_IRQHandler                 0x08000167   Thumb Code     0  startup_stm32f10x_hd.o(.text)
    DMA2_Channel4_5_IRQHandler               0x08000167   Thumb Code     0  startup_stm32f10x_hd.o(.text)
    EXTI0_IRQHandler                         0x08000167   Thumb Code     0  startup_stm32f10x_hd.o(.text)
    EXTI15_10_IRQHandler                     0x08000167   Thumb Code     0  startup_stm32f10x_hd.o(.text)
    EXTI1_IRQHandler                         0x08000167   Thumb Code     0  startup_stm32f10x_hd.o(.text)
    EXTI2_IRQHandler                         0x08000167   Thumb Code     0  startup_stm32f10x_hd.o(.text)
    EXTI3_IRQHandler                         0x08000167   Thumb Code     0  startup_stm32f10x_hd.o(.text)
    EXTI4_IRQHandler                         0x08000167   Thumb Code     0  startup_stm32f10x_hd.o(.text)
    EXTI9_5_IRQHandler                       0x08000167   Thumb Code     0  startup_stm32f10x_hd.o(.text)
    FLASH_IRQHandler                         0x08000167   Thumb Code     0  startup_stm32f10x_hd.o(.text)
    FSMC_IRQHandler                          0x08000167   Thumb Code     0  startup_stm32f10x_hd.o(.text)
    I2C1_ER_IRQHandler                       0x08000167   Thumb Code     0  startup_stm32f10x_hd.o(.text)
    I2C1_EV_IRQHandler                       0x08000167   Thumb Code     0  startup_stm32f10x_hd.o(.text)
    I2C2_ER_IRQHandler                       0x08000167   Thumb Code     0  startup_stm32f10x_hd.o(.text)
    I2C2_EV_IRQHandler                       0x08000167   Thumb Code     0  startup_stm32f10x_hd.o(.text)
    PVD_IRQHandler                           0x08000167   Thumb Code     0  startup_stm32f10x_hd.o(.text)
    RCC_IRQHandler                           0x08000167   Thumb Code     0  startup_stm32f10x_hd.o(.text)
    RTCAlarm_IRQHandler                      0x08000167   Thumb Code     0  startup_stm32f10x_hd.o(.text)
    RTC_IRQHandler                           0x08000167   Thumb Code     0  startup_stm32f10x_hd.o(.text)
    SDIO_IRQHandler                          0x08000167   Thumb Code     0  startup_stm32f10x_hd.o(.text)
    SPI1_IRQHandler                          0x08000167   Thumb Code     0  startup_stm32f10x_hd.o(.text)
    SPI2_IRQHandler                          0x08000167   Thumb Code     0  startup_stm32f10x_hd.o(.text)
    SPI3_IRQHandler                          0x08000167   Thumb Code     0  startup_stm32f10x_hd.o(.text)
    TAMPER_IRQHandler                        0x08000167   Thumb Code     0  startup_stm32f10x_hd.o(.text)
    TIM1_BRK_IRQHandler                      0x08000167   Thumb Code     0  startup_stm32f10x_hd.o(.text)
    TIM1_CC_IRQHandler                       0x08000167   Thumb Code     0  startup_stm32f10x_hd.o(.text)
    TIM1_TRG_COM_IRQHandler                  0x08000167   Thumb Code     0  startup_stm32f10x_hd.o(.text)
    TIM1_UP_IRQHandler                       0x08000167   Thumb Code     0  startup_stm32f10x_hd.o(.text)
    TIM2_IRQHandler                          0x08000167   Thumb Code     0  startup_stm32f10x_hd.o(.text)
    TIM3_IRQHandler                          0x08000167   Thumb Code     0  startup_stm32f10x_hd.o(.text)
    TIM4_IRQHandler                          0x08000167   Thumb Code     0  startup_stm32f10x_hd.o(.text)
    TIM5_IRQHandler                          0x08000167   Thumb Code     0  startup_stm32f10x_hd.o(.text)
    TIM6_IRQHandler                          0x08000167   Thumb Code     0  startup_stm32f10x_hd.o(.text)
    TIM7_IRQHandler                          0x08000167   Thumb Code     0  startup_stm32f10x_hd.o(.text)
    TIM8_BRK_IRQHandler                      0x08000167   Thumb Code     0  startup_stm32f10x_hd.o(.text)
    TIM8_CC_IRQHandler                       0x08000167   Thumb Code     0  startup_stm32f10x_hd.o(.text)
    TIM8_TRG_COM_IRQHandler                  0x08000167   Thumb Code     0  startup_stm32f10x_hd.o(.text)
    TIM8_UP_IRQHandler                       0x08000167   Thumb Code     0  startup_stm32f10x_hd.o(.text)
    UART4_IRQHandler                         0x08000167   Thumb Code     0  startup_stm32f10x_hd.o(.text)
    UART5_IRQHandler                         0x08000167   Thumb Code     0  startup_stm32f10x_hd.o(.text)
    USART1_IRQHandler                        0x08000167   Thumb Code     0  startup_stm32f10x_hd.o(.text)
    USART3_IRQHandler                        0x08000167   Thumb Code     0  startup_stm32f10x_hd.o(.text)
    USBWakeUp_IRQHandler                     0x08000167   Thumb Code     0  startup_stm32f10x_hd.o(.text)
    USB_HP_CAN1_TX_IRQHandler                0x08000167   Thumb Code     0  startup_stm32f10x_hd.o(.text)
    USB_LP_CAN1_RX0_IRQHandler               0x08000167   Thumb Code     0  startup_stm32f10x_hd.o(.text)
    WWDG_IRQHandler                          0x08000167   Thumb Code     0  startup_stm32f10x_hd.o(.text)
    main                                     0x08000175   Thumb Code   210  main.o(.text)
    _sys_exit                                0x08000255   Thumb Code     6  usart1.o(.text)
    fputc                                    0x0800025b   Thumb Code    24  usart1.o(.text)
    uart_init                                0x08000273   Thumb Code   154  usart1.o(.text)
    USART2_IRQHandler                        0x0800030d   Thumb Code   122  usart1.o(.text)
    delay_ms                                 0x0800039d   Thumb Code    62  delay.o(.text)
    Delay_Init                               0x080003db   Thumb Code    66  delay.o(.text)
    delay_us                                 0x0800041d   Thumb Code    62  delay.o(.text)
    SN                                       0x08000465   Thumb Code    70  motor.o(.text)
    XM                                       0x080004ab   Thumb Code    70  motor.o(.text)
    ZYB                                      0x080004f1   Thumb Code   112  motor.o(.text)
    JDSZ                                     0x08000561   Thumb Code   798  motor.o(.text)
    FXSZ                                     0x0800087f   Thumb Code   116  motor.o(.text)
    SETX                                     0x080008f3   Thumb Code    66  motor.o(.text)
    SETY                                     0x08000935   Thumb Code    66  motor.o(.text)
    SETZ                                     0x08000977   Thumb Code    66  motor.o(.text)
    LIMIT                                    0x080009b9   Thumb Code   102  motor.o(.text)
    JSML                                     0x08000a1f   Thumb Code   474  motor.o(.text)
    GPIOINIT                                 0x08000c15   Thumb Code   136  io.o(.text)
    NMI_Handler                              0x08000ca5   Thumb Code     2  stm32f10x_it.o(.text)
    HardFault_Handler                        0x08000ca7   Thumb Code     4  stm32f10x_it.o(.text)
    MemManage_Handler                        0x08000cab   Thumb Code     4  stm32f10x_it.o(.text)
    BusFault_Handler                         0x08000caf   Thumb Code     4  stm32f10x_it.o(.text)
    UsageFault_Handler                       0x08000cb3   Thumb Code     4  stm32f10x_it.o(.text)
    SVC_Handler                              0x08000cb7   Thumb Code     2  stm32f10x_it.o(.text)
    DebugMon_Handler                         0x08000cb9   Thumb Code     2  stm32f10x_it.o(.text)
    PendSV_Handler                           0x08000cbb   Thumb Code     2  stm32f10x_it.o(.text)
    SysTick_Handler                          0x08000cbd   Thumb Code     2  stm32f10x_it.o(.text)
    GPIO_DeInit                              0x08000cc1   Thumb Code   188  stm32f10x_gpio.o(.text)
    GPIO_AFIODeInit                          0x08000d7d   Thumb Code    20  stm32f10x_gpio.o(.text)
    GPIO_Init                                0x08000d91   Thumb Code   278  stm32f10x_gpio.o(.text)
    GPIO_StructInit                          0x08000ea7   Thumb Code    16  stm32f10x_gpio.o(.text)
    GPIO_ReadInputDataBit                    0x08000eb7   Thumb Code    18  stm32f10x_gpio.o(.text)
    GPIO_ReadInputData                       0x08000ec9   Thumb Code     8  stm32f10x_gpio.o(.text)
    GPIO_ReadOutputDataBit                   0x08000ed1   Thumb Code    18  stm32f10x_gpio.o(.text)
    GPIO_ReadOutputData                      0x08000ee3   Thumb Code     8  stm32f10x_gpio.o(.text)
    GPIO_SetBits                             0x08000eeb   Thumb Code     4  stm32f10x_gpio.o(.text)
    GPIO_ResetBits                           0x08000eef   Thumb Code     4  stm32f10x_gpio.o(.text)
    GPIO_WriteBit                            0x08000ef3   Thumb Code    10  stm32f10x_gpio.o(.text)
    GPIO_Write                               0x08000efd   Thumb Code     4  stm32f10x_gpio.o(.text)
    GPIO_PinLockConfig                       0x08000f01   Thumb Code    18  stm32f10x_gpio.o(.text)
    GPIO_EventOutputConfig                   0x08000f13   Thumb Code    26  stm32f10x_gpio.o(.text)
    GPIO_EventOutputCmd                      0x08000f2d   Thumb Code     6  stm32f10x_gpio.o(.text)
    GPIO_PinRemapConfig                      0x08000f33   Thumb Code   106  stm32f10x_gpio.o(.text)
    GPIO_EXTILineConfig                      0x08000f9d   Thumb Code    66  stm32f10x_gpio.o(.text)
    RCC_DeInit                               0x08000ff1   Thumb Code    62  stm32f10x_rcc.o(.text)
    RCC_HSEConfig                            0x0800102f   Thumb Code    70  stm32f10x_rcc.o(.text)
    RCC_GetFlagStatus                        0x08001075   Thumb Code    56  stm32f10x_rcc.o(.text)
    RCC_WaitForHSEStartUp                    0x080010ad   Thumb Code    54  stm32f10x_rcc.o(.text)
    RCC_AdjustHSICalibrationValue            0x080010e3   Thumb Code    20  stm32f10x_rcc.o(.text)
    RCC_HSICmd                               0x080010f7   Thumb Code     6  stm32f10x_rcc.o(.text)
    RCC_PLLConfig                            0x080010fd   Thumb Code    24  stm32f10x_rcc.o(.text)
    RCC_PLLCmd                               0x08001115   Thumb Code     6  stm32f10x_rcc.o(.text)
    RCC_SYSCLKConfig                         0x0800111b   Thumb Code    18  stm32f10x_rcc.o(.text)
    RCC_GetSYSCLKSource                      0x0800112d   Thumb Code    10  stm32f10x_rcc.o(.text)
    RCC_HCLKConfig                           0x08001137   Thumb Code    18  stm32f10x_rcc.o(.text)
    RCC_PCLK1Config                          0x08001149   Thumb Code    18  stm32f10x_rcc.o(.text)
    RCC_PCLK2Config                          0x0800115b   Thumb Code    20  stm32f10x_rcc.o(.text)
    RCC_ITConfig                             0x0800116f   Thumb Code    26  stm32f10x_rcc.o(.text)
    RCC_USBCLKConfig                         0x08001189   Thumb Code     8  stm32f10x_rcc.o(.text)
    RCC_ADCCLKConfig                         0x08001191   Thumb Code    18  stm32f10x_rcc.o(.text)
    RCC_LSEConfig                            0x080011a3   Thumb Code    50  stm32f10x_rcc.o(.text)
    RCC_LSICmd                               0x080011d5   Thumb Code     6  stm32f10x_rcc.o(.text)
    RCC_RTCCLKConfig                         0x080011db   Thumb Code    12  stm32f10x_rcc.o(.text)
    RCC_RTCCLKCmd                            0x080011e7   Thumb Code     8  stm32f10x_rcc.o(.text)
    RCC_GetClocksFreq                        0x080011ef   Thumb Code   192  stm32f10x_rcc.o(.text)
    RCC_AHBPeriphClockCmd                    0x080012af   Thumb Code    26  stm32f10x_rcc.o(.text)
    RCC_APB2PeriphClockCmd                   0x080012c9   Thumb Code    26  stm32f10x_rcc.o(.text)
    RCC_APB1PeriphClockCmd                   0x080012e3   Thumb Code    26  stm32f10x_rcc.o(.text)
    RCC_APB2PeriphResetCmd                   0x080012fd   Thumb Code    26  stm32f10x_rcc.o(.text)
    RCC_APB1PeriphResetCmd                   0x08001317   Thumb Code    26  stm32f10x_rcc.o(.text)
    RCC_BackupResetCmd                       0x08001331   Thumb Code     8  stm32f10x_rcc.o(.text)
    RCC_ClockSecuritySystemCmd               0x08001339   Thumb Code     6  stm32f10x_rcc.o(.text)
    RCC_MCOConfig                            0x0800133f   Thumb Code     6  stm32f10x_rcc.o(.text)
    RCC_ClearFlag                            0x08001345   Thumb Code    14  stm32f10x_rcc.o(.text)
    RCC_GetITStatus                          0x08001353   Thumb Code    20  stm32f10x_rcc.o(.text)
    RCC_ClearITPendingBit                    0x08001367   Thumb Code     6  stm32f10x_rcc.o(.text)
    USART_DeInit                             0x08001391   Thumb Code   146  stm32f10x_usart.o(.text)
    USART_Init                               0x08001423   Thumb Code   150  stm32f10x_usart.o(.text)
    USART_StructInit                         0x080014b9   Thumb Code    24  stm32f10x_usart.o(.text)
    USART_ClockInit                          0x080014d1   Thumb Code    34  stm32f10x_usart.o(.text)
    USART_ClockStructInit                    0x080014f3   Thumb Code    12  stm32f10x_usart.o(.text)
    USART_Cmd                                0x080014ff   Thumb Code    24  stm32f10x_usart.o(.text)
    USART_ITConfig                           0x08001517   Thumb Code    64  stm32f10x_usart.o(.text)
    USART_DMACmd                             0x08001557   Thumb Code    18  stm32f10x_usart.o(.text)
    USART_SetAddress                         0x08001569   Thumb Code    18  stm32f10x_usart.o(.text)
    USART_WakeUpConfig                       0x0800157b   Thumb Code    18  stm32f10x_usart.o(.text)
    USART_ReceiverWakeUpCmd                  0x0800158d   Thumb Code    24  stm32f10x_usart.o(.text)
    USART_LINBreakDetectLengthConfig         0x080015a5   Thumb Code    18  stm32f10x_usart.o(.text)
    USART_LINCmd                             0x080015b7   Thumb Code    24  stm32f10x_usart.o(.text)
    USART_SendData                           0x080015cf   Thumb Code     8  stm32f10x_usart.o(.text)
    USART_ReceiveData                        0x080015d7   Thumb Code    10  stm32f10x_usart.o(.text)
    USART_SendBreak                          0x080015e1   Thumb Code    10  stm32f10x_usart.o(.text)
    USART_SetGuardTime                       0x080015eb   Thumb Code    16  stm32f10x_usart.o(.text)
    USART_SetPrescaler                       0x080015fb   Thumb Code    16  stm32f10x_usart.o(.text)
    USART_SmartCardCmd                       0x0800160b   Thumb Code    24  stm32f10x_usart.o(.text)
    USART_SmartCardNACKCmd                   0x08001623   Thumb Code    24  stm32f10x_usart.o(.text)
    USART_HalfDuplexCmd                      0x0800163b   Thumb Code    24  stm32f10x_usart.o(.text)
    USART_IrDAConfig                         0x08001653   Thumb Code    18  stm32f10x_usart.o(.text)
    USART_IrDACmd                            0x08001665   Thumb Code    24  stm32f10x_usart.o(.text)
    USART_GetFlagStatus                      0x0800167d   Thumb Code    18  stm32f10x_usart.o(.text)
    USART_ClearFlag                          0x0800168f   Thumb Code     6  stm32f10x_usart.o(.text)
    USART_GetITStatus                        0x08001695   Thumb Code    76  stm32f10x_usart.o(.text)
    USART_ClearITPendingBit                  0x080016e1   Thumb Code    20  stm32f10x_usart.o(.text)
    NVIC_PriorityGroupConfig                 0x08001701   Thumb Code    10  misc.o(.text)
    NVIC_Init                                0x0800170b   Thumb Code   100  misc.o(.text)
    NVIC_SetVectorTable                      0x0800176f   Thumb Code    14  misc.o(.text)
    NVIC_SystemLPConfig                      0x0800177d   Thumb Code    34  misc.o(.text)
    SysTick_CLKSourceConfig                  0x0800179f   Thumb Code    40  misc.o(.text)
    SystemInit                               0x080018c1   Thumb Code    68  system_stm32f10x.o(.text)
    strstr                                   0x08001915   Thumb Code    36  strstr.o(.text)
    __scatterload                            0x08001939   Thumb Code    28  init.o(.text)
    __scatterload_rt2                        0x08001939   Thumb Code     0  init.o(.text)
    __scatterload_copy                       0x0800195d   Thumb Code    14  handlers.o(i.__scatterload_copy)
    __scatterload_null                       0x0800196b   Thumb Code     2  handlers.o(i.__scatterload_null)
    __scatterload_zeroinit                   0x0800196d   Thumb Code    14  handlers.o(i.__scatterload_zeroinit)
    Region$$Table$$Base                      0x0800197c   Number         0  anon$$obj.o(Region$$Table)
    Region$$Table$$Limit                     0x0800199c   Number         0  anon$$obj.o(Region$$Table)
    command_success                          0x20000000   Data           1  main.o(.data)
    __stdout                                 0x20000004   Data           4  usart1.o(.data)
    USART_RX_STA                             0x20000008   Data           2  usart1.o(.data)
    fac_ms                                   0x2000000a   Data           2  delay.o(.data)
    fac_us                                   0x2000000c   Data           1  delay.o(.data)
    USART_RX_BUF                             0x20000024   Data         200  usart1.o(.bss)
    __initial_sp                             0x200002f0   Data           0  startup_stm32f10x_hd.o(STACK)



==============================================================================

Memory Map of the image

  Image Entry point : 0x08000147

  Load Region LR_1 (Base: 0x08000000, Size: 0x000019c0, Max: 0xffffffff, ABSOLUTE)

    Execution Region ER_RO (Base: 0x08000000, Size: 0x0000199c, Max: 0xffffffff, ABSOLUTE)

    Base Addr    Size         Type   Attr      Idx    E Section Name        Object

    0x08000000   0x00000130   Data   RO            3    RESET               startup_stm32f10x_hd.o
    0x08000130   0x00000000   Code   RO          299  * .ARM.Collect$$$$00000000  mc_w.l(entry.o)
    0x08000130   0x00000004   Code   RO          304    .ARM.Collect$$$$00000001  mc_w.l(entry2.o)
    0x08000134   0x00000004   Code   RO          307    .ARM.Collect$$$$00000004  mc_w.l(entry5.o)
    0x08000138   0x00000000   Code   RO          309    .ARM.Collect$$$$00000008  mc_w.l(entry7b.o)
    0x08000138   0x00000000   Code   RO          311    .ARM.Collect$$$$0000000A  mc_w.l(entry8b.o)
    0x08000138   0x00000008   Code   RO          312    .ARM.Collect$$$$0000000B  mc_w.l(entry9a.o)
    0x08000140   0x00000000   Code   RO          314    .ARM.Collect$$$$0000000D  mc_w.l(entry10a.o)
    0x08000140   0x00000000   Code   RO          316    .ARM.Collect$$$$0000000F  mc_w.l(entry11a.o)
    0x08000140   0x00000004   Code   RO          305    .ARM.Collect$$$$00002712  mc_w.l(entry2.o)
    0x08000144   0x00000030   Code   RO            4  * .text               startup_stm32f10x_hd.o
    0x08000174   0x000000e0   Code   RO           10    .text               main.o
    0x08000254   0x00000148   Code   RO           86    .text               usart1.o
    0x0800039c   0x000000c8   Code   RO          109    .text               delay.o
    0x08000464   0x000007b0   Code   RO          130    .text               motor.o
    0x08000c14   0x00000090   Code   RO          143    .text               io.o
    0x08000ca4   0x0000001a   Code   RO          155    .text               stm32f10x_it.o
    0x08000cbe   0x00000002   PAD
    0x08000cc0   0x00000330   Code   RO          170    .text               stm32f10x_gpio.o
    0x08000ff0   0x000003a0   Code   RO          182    .text               stm32f10x_rcc.o
    0x08001390   0x00000370   Code   RO          196    .text               stm32f10x_usart.o
    0x08001700   0x000000dc   Code   RO          259    .text               misc.o
    0x080017dc   0x00000138   Code   RO          281    .text               system_stm32f10x.o
    0x08001914   0x00000024   Code   RO          302    .text               mc_w.l(strstr.o)
    0x08001938   0x00000024   Code   RO          318    .text               mc_w.l(init.o)
    0x0800195c   0x0000000e   Code   RO          322    i.__scatterload_copy  mc_w.l(handlers.o)
    0x0800196a   0x00000002   Code   RO          323    i.__scatterload_null  mc_w.l(handlers.o)
    0x0800196c   0x0000000e   Code   RO          324    i.__scatterload_zeroinit  mc_w.l(handlers.o)
    0x0800197a   0x00000002   PAD
    0x0800197c   0x00000020   Data   RO          320    Region$$Table       anon$$obj.o


    Execution Region ER_RW (Base: 0x20000000, Size: 0x00000024, Max: 0xffffffff, ABSOLUTE)

    Base Addr    Size         Type   Attr      Idx    E Section Name        Object

    0x20000000   0x00000001   Data   RW           11    .data               main.o
    0x20000001   0x00000003   PAD
    0x20000004   0x00000006   Data   RW           88    .data               usart1.o
    0x2000000a   0x00000003   Data   RW          110    .data               delay.o
    0x2000000d   0x00000014   Data   RW          183    .data               stm32f10x_rcc.o


    Execution Region ER_ZI (Base: 0x20000024, Size: 0x000002cc, Max: 0xffffffff, ABSOLUTE)

    Base Addr    Size         Type   Attr      Idx    E Section Name        Object

    0x20000024   0x000000c8   Zero   RW           87    .bss                usart1.o
    0x200000ec   0x00000004   PAD
    0x200000f0   0x00000200   Zero   RW            1    STACK               startup_stm32f10x_hd.o


==============================================================================

Image component sizes


      Code (inc. data)   RO Data    RW Data    ZI Data      Debug   Object Name

       200         10          0          3          0        975   delay.o
       144          8          0          0          0        479   io.o
       224         14          0          1          0     226585   main.o
       220         22          0          0          0       1657   misc.o
      1968         44          0          0          0       3876   motor.o
        48         12        304          0        512        868   startup_stm32f10x_hd.o
       816         18          0          0          0       5075   stm32f10x_gpio.o
        26          0          0          0          0       1166   stm32f10x_it.o
       928         36          0         20          0       8688   stm32f10x_rcc.o
       880         12          0          0          0       7695   stm32f10x_usart.o
       312         16          0          0          0       1137   system_stm32f10x.o
       328         22          0          6        200       2978   usart1.o

    ----------------------------------------------------------------------
      6096        214        336         36        716     261179   Object Totals
         0          0         32          0          0          0   (incl. Generated)
         2          0          0          6          4          0   (incl. Padding)

    ----------------------------------------------------------------------

      Code (inc. data)   RO Data    RW Data    ZI Data      Debug   Library Member Name

         0          0          0          0          0          0   entry.o
         0          0          0          0          0          0   entry10a.o
         0          0          0          0          0          0   entry11a.o
         8          4          0          0          0          0   entry2.o
         4          0          0          0          0          0   entry5.o
         0          0          0          0          0          0   entry7b.o
         0          0          0          0          0          0   entry8b.o
         8          4          0          0          0          0   entry9a.o
        30          0          0          0          0          0   handlers.o
        36          8          0          0          0         68   init.o
        36          0          0          0          0         80   strstr.o

    ----------------------------------------------------------------------
       124         16          0          0          0        148   Library Totals
         2          0          0          0          0          0   (incl. Padding)

    ----------------------------------------------------------------------

      Code (inc. data)   RO Data    RW Data    ZI Data      Debug   Library Name

       122         16          0          0          0        148   mc_w.l

    ----------------------------------------------------------------------
       124         16          0          0          0        148   Library Totals

    ----------------------------------------------------------------------

==============================================================================


      Code (inc. data)   RO Data    RW Data    ZI Data      Debug   

      6220        230        336         36        716     260647   Grand Totals
      6220        230        336         36        716     260647   ELF Image Totals
      6220        230        336         36          0          0   ROM Totals

==============================================================================

    Total RO  Size (Code + RO Data)                 6556 (   6.40kB)
    Total RW  Size (RW Data + ZI Data)               752 (   0.73kB)
    Total ROM Size (Code + RO Data + RW Data)       6592 (   6.44kB)

==============================================================================

